// Jest Snapshot v1, https://goo.gl/fbAQLP

exports[`index should be vue instance 1`] = `
"<v-layout-stub tag=\\"div\\" wrap=\\"\\" align-center=\\"\\" justify-center=\\"\\">
  <v-flex-stub tag=\\"div\\" text-center=\\"\\" xs12=\\"\\">
    <div class=\\"title-text\\">Autocomplete</div>
    <link-buttons-stub document=\\"https://vuetifyjs.com/en/components/autocompletes\\" source=\\"https://github.com/reireias/vuetifier/blob/master/components/AutoCompleteSample.vue\\"></link-buttons-stub>
  </v-flex-stub>
  <v-flex-stub tag=\\"div\\" text-center=\\"\\" xs12=\\"\\">
    <v-autocomplete-stub errorcount=\\"1\\" errormessages=\\"\\" messages=\\"\\" rules=\\"\\" successmessages=\\"\\" appendicon=\\"$dropdown\\" backgroundcolor=\\"\\" label=\\"States\\" loaderheight=\\"2\\" clearicon=\\"$clear\\" type=\\"text\\" valuecomparator=\\"function deepEqual(a, b) {
  if (a === b) return true;

  if (a instanceof Date &amp;&amp; b instanceof Date) {
    // If the values are Date, they were convert to timestamp with getTime and compare it
    if (a.getTime() !== b.getTime()) return false;
  }

  if (a !== Object(a) || b !== Object(b)) {
    // If the values aren't objects, they were already checked for equality
    return false;
  }

  var props = Object.keys(a);

  if (props.length !== Object.keys(b).length) {
    // Different number of props, don't bother to check
    return false;
  }

  return props.every(function (p) {
    return deepEqual(a[p], b[p]);
  });
}\\" nodatatext=\\"$vuetify.noDataText\\" items=\\"Alabama,Alaska,American Samoa,Arizona,Arkansas,California,Colorado,Connecticut,Delaware,District of Columbia,Federated States of Micronesia,Florida,Georgia,Guam,Hawaii,Idaho,Illinois,Indiana,Iowa,Kansas,Kentucky,Louisiana,Maine,Marshall Islands,Maryland,Massachusetts,Michigan,Minnesota,Mississippi,Missouri,Montana,Nebraska,Nevada,New Hampshire,New Jersey,New Mexico,New York,North Carolina,North Dakota,Northern Mariana Islands,Ohio,Oklahoma,Oregon,Palau,Pennsylvania,Puerto Rico,Rhode Island,South Carolina,South Dakota,Tennessee,Texas,Utah,Vermont,Virgin Island,Virginia,Washington,West Virginia,Wisconsin,Wyoming\\" itemcolor=\\"primary\\" itemdisabled=\\"disabled\\" itemtext=\\"text\\" itemvalue=\\"value\\" menuprops=\\"[object Object]\\" allowoverflow=\\"true\\" filter=\\"function _default(item, queryText, itemText) {
        return itemText.toLocaleLowerCase().indexOf(queryText.toLocaleLowerCase()) > -1;
      }\\"></v-autocomplete-stub>
  </v-flex-stub>
</v-layout-stub>"
`;
