// Jest Snapshot v1, https://goo.gl/fbAQLP

exports[`index should be vue instance 1`] = `
"<v-layout-stub tag=\\"div\\" wrap=\\"\\" align-center=\\"\\" justify-center=\\"\\">
  <v-flex-stub tag=\\"div\\" text-center=\\"\\" xs12=\\"\\">
    <div class=\\"title-text\\">Carousel</div>
    <link-buttons-stub document=\\"https://vuetifyjs.com/en/components/carousels\\" source=\\"https://github.com/reireias/vuetifier/blob/master/components/CarouselSample.vue\\"></link-buttons-stub>
  </v-flex-stub>
  <v-flex-stub tag=\\"div\\" text-center=\\"\\" xs12=\\"\\">
    <v-carousel-stub activeclass=\\"v-window-item--active\\" mandatory=\\"true\\" tag=\\"div\\" continuous=\\"true\\" nexticon=\\"$next\\" previcon=\\"$prev\\" showarrows=\\"true\\" delimitericon=\\"$delimiter\\" height=\\"500\\" interval=\\"6000\\">
      <v-carousel-item-stub>
        <v-sheet-stub color=\\"primary\\" height=\\"100%\\" tile=\\"true\\" tag=\\"div\\">
          <v-layout-stub tag=\\"div\\" align-center=\\"\\" fill-height=\\"\\" justify-center=\\"\\">
            <div class=\\"display-3\\">primary</div>
          </v-layout-stub>
        </v-sheet-stub>
      </v-carousel-item-stub>
      <v-carousel-item-stub>
        <v-sheet-stub color=\\"secondary\\" height=\\"100%\\" tile=\\"true\\" tag=\\"div\\">
          <v-layout-stub tag=\\"div\\" align-center=\\"\\" fill-height=\\"\\" justify-center=\\"\\">
            <div class=\\"display-3\\">secondary</div>
          </v-layout-stub>
        </v-sheet-stub>
      </v-carousel-item-stub>
      <v-carousel-item-stub>
        <v-sheet-stub color=\\"accent\\" height=\\"100%\\" tile=\\"true\\" tag=\\"div\\">
          <v-layout-stub tag=\\"div\\" align-center=\\"\\" fill-height=\\"\\" justify-center=\\"\\">
            <div class=\\"display-3\\">accent</div>
          </v-layout-stub>
        </v-sheet-stub>
      </v-carousel-item-stub>
    </v-carousel-stub>
  </v-flex-stub>
</v-layout-stub>"
`;
