// Jest Snapshot v1, https://goo.gl/fbAQLP

exports[`index should be vue instance 1`] = `
"<v-layout-stub tag=\\"div\\" wrap=\\"\\" align-center=\\"\\" justify-center=\\"\\"><v-flex-stub tag=\\"div\\" text-center=\\"\\" xs12=\\"\\"><div class=\\"title-text\\">
      Datepicker
    </div> <link-buttons-stub document=\\"https://vuetifyjs.com/en/components/date-pickers\\" source=\\"https://github.com/reireias/vuetifier/blob/master/components/DatePickerSample.vue\\"></link-buttons-stub></v-flex-stub> <v-flex-stub tag=\\"div\\" text-center=\\"\\" xs12=\\"\\"><v-date-picker-stub headercolor=\\"primary\\" width=\\"290\\" eventcolor=\\"warning\\" firstdayofweek=\\"0\\" nexticon=\\"$vuetify.icons.next\\" previcon=\\"$vuetify.icons.prev\\" showcurrent=\\"true\\" selecteditemstext=\\"$vuetify.datePicker.itemsSelected\\" type=\\"date\\" value=\\"2019-02-01\\"></v-date-picker-stub></v-flex-stub></v-layout-stub>"
`;
