// Jest Snapshot v1, https://goo.gl/fbAQLP

exports[`index should be vue instance 1`] = `
"<v-layout-stub tag=\\"div\\" wrap=\\"\\" align-center=\\"\\" justify-center=\\"\\"><v-flex-stub tag=\\"div\\" text-center=\\"\\" xs12=\\"\\"><div class=\\"title-text\\">
      Forms
    </div> <link-buttons-stub document=\\"https://vuetifyjs.com/en/components/forms\\" source=\\"https://github.com/reireias/vuetifier/blob/master/components/FormsSample.vue\\"></link-buttons-stub></v-flex-stub> <v-flex-stub tag=\\"div\\" text-center=\\"\\" xs12=\\"\\"><v-container-stub tag=\\"div\\" fluid=\\"true\\"><v-layout-stub tag=\\"div\\" column=\\"\\" align-center=\\"\\" justify-center=\\"\\"><v-form-stub value=\\"true\\" class=\\"form-sample\\"><v-flex-stub tag=\\"div\\" xs12=\\"\\"><v-text-field-stub errorcount=\\"1\\" errormessages=\\"\\" messages=\\"\\" rules=\\"v => {
        /* istanbul ignore next */
        cov_24tmqt2h3t.f[2]++;
        cov_24tmqt2h3t.s[6]++;
        return (
          /* istanbul ignore next */
          (cov_24tmqt2h3t.b[2][0]++, !!v) ||
          /* istanbul ignore next */
          (cov_24tmqt2h3t.b[2][1]++, 'Name is required')
        );
      },v => {
        /* istanbul ignore next */
        cov_24tmqt2h3t.f[3]++;
        cov_24tmqt2h3t.s[7]++;
        return (
          /* istanbul ignore next */
          (cov_24tmqt2h3t.b[3][0]++, v.length <= 10) ||
          /* istanbul ignore next */
          (cov_24tmqt2h3t.b[3][1]++, 'Name must be less than 10 characters')
        );
      }\\" successmessages=\\"\\" value=\\"\\" backgroundcolor=\\"\\" label=\\"First name\\" loaderheight=\\"2\\" clearicon=\\"$vuetify.icons.clear\\" counter=\\"10\\" type=\\"text\\" required=\\"\\"></v-text-field-stub></v-flex-stub> <v-flex-stub tag=\\"div\\" xs12=\\"\\"><v-text-field-stub errorcount=\\"1\\" errormessages=\\"\\" messages=\\"\\" rules=\\"v => {
        /* istanbul ignore next */
        cov_24tmqt2h3t.f[2]++;
        cov_24tmqt2h3t.s[6]++;
        return (
          /* istanbul ignore next */
          (cov_24tmqt2h3t.b[2][0]++, !!v) ||
          /* istanbul ignore next */
          (cov_24tmqt2h3t.b[2][1]++, 'Name is required')
        );
      },v => {
        /* istanbul ignore next */
        cov_24tmqt2h3t.f[3]++;
        cov_24tmqt2h3t.s[7]++;
        return (
          /* istanbul ignore next */
          (cov_24tmqt2h3t.b[3][0]++, v.length <= 10) ||
          /* istanbul ignore next */
          (cov_24tmqt2h3t.b[3][1]++, 'Name must be less than 10 characters')
        );
      }\\" successmessages=\\"\\" value=\\"\\" backgroundcolor=\\"\\" label=\\"Last name\\" loaderheight=\\"2\\" clearicon=\\"$vuetify.icons.clear\\" counter=\\"10\\" type=\\"text\\" required=\\"\\"></v-text-field-stub></v-flex-stub> <v-flex-stub tag=\\"div\\" xs12=\\"\\"><v-text-field-stub errorcount=\\"1\\" errormessages=\\"\\" messages=\\"\\" rules=\\"v => {
        /* istanbul ignore next */
        cov_24tmqt2h3t.f[4]++;
        cov_24tmqt2h3t.s[8]++;
        return (
          /* istanbul ignore next */
          (cov_24tmqt2h3t.b[4][0]++, !!v) ||
          /* istanbul ignore next */
          (cov_24tmqt2h3t.b[4][1]++, 'E-mail is required')
        );
      },v => {
        /* istanbul ignore next */
        cov_24tmqt2h3t.f[5]++;
        cov_24tmqt2h3t.s[9]++;
        return (
          /* istanbul ignore next */
          (cov_24tmqt2h3t.b[5][0]++, /.+@.+/.test(v)) ||
          /* istanbul ignore next */
          (cov_24tmqt2h3t.b[5][1]++, 'E-mail must be valid')
        );
      }\\" successmessages=\\"\\" value=\\"\\" backgroundcolor=\\"\\" label=\\"E-mail\\" loaderheight=\\"2\\" clearicon=\\"$vuetify.icons.clear\\" type=\\"text\\" required=\\"\\"></v-text-field-stub></v-flex-stub></v-form-stub></v-layout-stub></v-container-stub></v-flex-stub></v-layout-stub>"
`;
